// Jest Snapshot v1, https://goo.gl/fbAQLP

exports[`Exercises IT Snapshot Fit In 1`] = `
Array [
  "APP_STARTED",
  "EXERCISE_STARTED",
  "EXERCISE_DESCRIPTION_PRINTED",
  "EXERCISE_BODY_PRINTED",
  "KEY_PRESSSED",
  "KEY_PRESSSED",
  "ANSWER_SUBMITED",
  "ANSWER_CHECKED",
  "KEY_PRESSSED",
  "EXERCISE_NEXT",
  "EXERCISE_STARTED",
  "EXERCISE_DESCRIPTION_PRINTED",
  "EXERCISE_BODY_PRINTED",
  "KEY_PRESSSED",
  "KEY_PRESSSED",
  "KEY_PRESSSED",
  "KEY_PRESSSED",
  "KEY_PRESSSED",
  "KEY_PRESSSED",
  "KEY_PRESSSED",
  "KEY_PRESSSED",
  "KEY_PRESSSED",
  "KEY_PRESSSED",
  "KEY_PRESSSED",
  "ANSWER_SUBMITED",
  "ANSWER_CHECKED",
  "KEY_PRESSSED",
  "EXERCISE_NEXT",
  "APP_FINISHED",
]
`;

exports[`Exercises IT Snapshot Fit In 2`] = `
Array [
  "Complete the sentence.",
  "Ela é  Angola.",
  "Ela é d Angola.",
  "Ela é de Angola.",
  "Correct! [voice]",
  "Ela é ",
  "d",
  "e",
  "Press key to conitinue...",
  "r - repeat the answer",
  "e - print explanation",
  "Complete the sentence.",
  "Eu  um chá.",
  "Eu w um chá.",
  "Eu wr um chá.",
  "Eu wro um chá.",
  "Eu wron um chá.",
  "Eu wrong um chá.",
  "Eu wronga um chá.",
  "Eu wrongan um chá.",
  "Eu wrongans um chá.",
  "Eu wrongansw um chá.",
  "Eu wronganswe um chá.",
  "Eu wronganswer um chá.",
  "Wrong! [voice]",
  "Eu ",
  "t",
  "o",
  "m",
  "o",
  "Press key to conitinue...",
  "r - repeat the answer",
  "e - print explanation",
]
`;

exports[`Exercises IT Snapshot NounTranslation 1`] = `
Array [
  "APP_STARTED",
  "EXERCISE_STARTED",
  "EXERCISE_DESCRIPTION_PRINTED",
  "EXERCISE_BODY_PRINTED",
  "KEY_PRESSSED",
  "KEY_PRESSSED",
  "KEY_PRESSSED",
  "KEY_PRESSSED",
  "KEY_PRESSSED",
  "ANSWER_SUBMITED",
  "ANSWER_CHECKED",
  "KEY_PRESSSED",
  "EXERCISE_NEXT",
  "EXERCISE_STARTED",
  "EXERCISE_DESCRIPTION_PRINTED",
  "EXERCISE_BODY_PRINTED",
  "KEY_PRESSSED",
  "KEY_PRESSSED",
  "KEY_PRESSSED",
  "ANSWER_SUBMITED",
  "ANSWER_CHECKED",
  "KEY_PRESSSED",
  "EXERCISE_NEXT",
  "APP_FINISHED",
]
`;

exports[`Exercises IT Snapshot NounTranslation 2`] = `
Array [
  "English: tea",
  "Portuguese: ",
  "Portuguese: o",
  "Portuguese: o ",
  "Portuguese: o c",
  "Portuguese: o ch",
  "Portuguese: o chá",
  "Correct! [voice]",
  "Portuguese: ",
  "o",
  " ",
  "c",
  "h",
  "á",
  "Press key to conitinue...",
  "r - repeat the answer",
  "Portuguese: o chá",
  "English: ",
  "English: t",
  "English: te",
  "English: tea",
  "Correct! [voice]",
  "English: ",
  "t",
  "e",
  "a",
  "Press key to conitinue...",
  "r - repeat the answer",
]
`;

exports[`Exercises IT Snapshot SentenceTranslation 1`] = `
Array [
  "APP_STARTED",
  "EXERCISE_STARTED",
  "EXERCISE_DESCRIPTION_PRINTED",
  "EXERCISE_BODY_PRINTED",
  "KEY_PRESSSED",
  "KEY_PRESSSED",
  "KEY_PRESSSED",
  "KEY_PRESSSED",
  "KEY_PRESSSED",
  "KEY_PRESSSED",
  "KEY_PRESSSED",
  "KEY_PRESSSED",
  "KEY_PRESSSED",
  "KEY_PRESSSED",
  "KEY_PRESSSED",
  "ANSWER_SUBMITED",
  "ANSWER_CHECKED",
  "KEY_PRESSSED",
  "EXERCISE_NEXT",
  "EXERCISE_STARTED",
  "EXERCISE_DESCRIPTION_PRINTED",
  "EXERCISE_BODY_PRINTED",
  "KEY_PRESSSED",
  "KEY_PRESSSED",
  "KEY_PRESSSED",
  "KEY_PRESSSED",
  "KEY_PRESSSED",
  "KEY_PRESSSED",
  "KEY_PRESSSED",
  "KEY_PRESSSED",
  "KEY_PRESSSED",
  "KEY_PRESSSED",
  "KEY_PRESSSED",
  "KEY_PRESSSED",
  "ANSWER_SUBMITED",
  "ANSWER_CHECKED",
  "KEY_PRESSSED",
  "EXERCISE_NEXT",
  "APP_FINISHED",
]
`;

exports[`Exercises IT Snapshot SentenceTranslation 2`] = `
Array [
  "English: How are you?",
  "Portuguese: ",
  "Portuguese: C",
  "Portuguese: Co",
  "Portuguese: Com",
  "Portuguese: Como",
  "Portuguese: Como ",
  "Portuguese: Como e",
  "Portuguese: Como es",
  "Portuguese: Como est",
  "Portuguese: Como está",
  "Portuguese: Como estás",
  "Portuguese: Como estás?",
  "Correct! [voice]",
  "Portuguese: ",
  "C",
  "o",
  "m",
  "o",
  " ",
  "e",
  "s",
  "t",
  "á",
  "s",
  "?",
  "Press key to conitinue...",
  "r - repeat the answer",
  "Portuguese: Como estás?",
  "English: ",
  "English: H",
  "English: Ho",
  "English: How",
  "English: How ",
  "English: How a",
  "English: How ar",
  "English: How are",
  "English: How are ",
  "English: How are y",
  "English: How are yo",
  "English: How are you",
  "English: How are you?",
  "Correct! [voice]",
  "English: ",
  "H",
  "o",
  "w",
  " ",
  "a",
  "r",
  "e",
  " ",
  "y",
  "o",
  "u",
  "?",
  "Press key to conitinue...",
  "r - repeat the answer",
]
`;

exports[`Exercises IT Snapshot Verb 1`] = `
Array [
  "APP_STARTED",
  "EXERCISE_STARTED",
  "EXERCISE_DESCRIPTION_PRINTED",
  "EXERCISE_BODY_PRINTED",
  "KEY_PRESSSED",
  "KEY_PRESSSED",
  "KEY_PRESSSED",
  "ANSWER_SUBMITED",
  "ANSWER_CHECKED",
  "KEY_PRESSSED",
  "EXERCISE_NEXT",
  "EXERCISE_STARTED",
  "EXERCISE_DESCRIPTION_PRINTED",
  "EXERCISE_BODY_PRINTED",
  "KEY_PRESSSED",
  "KEY_PRESSSED",
  "KEY_PRESSSED",
  "KEY_PRESSSED",
  "ANSWER_SUBMITED",
  "ANSWER_CHECKED",
  "KEY_PRESSSED",
  "EXERCISE_NEXT",
  "APP_FINISHED",
]
`;

exports[`Exercises IT Snapshot Verb 2`] = `
Array [
  "Infinitive: ser",
  "Eu: ",
  "Eu: s",
  "Eu: so",
  "Eu: sou",
  "Correct! [voice]",
  "Eu: ",
  "s",
  "o",
  "u",
  "Press key to conitinue...",
  "r - repeat the answer",
  "Infinitive: falar",
  "Eu: ",
  "Eu: f",
  "Eu: fa",
  "Eu: fal",
  "Eu: falo",
  "Correct! [voice]",
  "Eu: ",
  "f",
  "a",
  "l",
  "o",
  "Press key to conitinue...",
  "r - repeat the answer",
]
`;
