// Jest Snapshot v1, https://goo.gl/fbAQLP

exports[`Exercises Integration Snapshots NounTranslation 1`] = `
Array [
  "APP_STARTED",
  "TERMINAL_CLEARED preExerciseClear",
  "EXERCISE_STARTED",
  "TERMINAL_CLEARED preExerciseClear",
  "EXERCISE_DESCRIPTION_PRINTED Portuguese: o chá",
  "EXERCISE_BODY_PRINTED [object Object]",
  "KEY_PRESSED t",
  "KEY_PRESSED e",
  "KEY_PRESSED a",
  "ANSWER_SUBMITTED voice",
  "ANSWER_CHECKED [object Object]",
  "KEY_PRESSED",
  "EXERCISE_NEXT",
  "EXERCISE_STARTED",
  "TERMINAL_CLEARED preExerciseClear",
  "EXERCISE_DESCRIPTION_PRINTED English: tea",
  "EXERCISE_BODY_PRINTED [object Object]",
  "KEY_PRESSED o",
  "KEY_PRESSED",
  "KEY_PRESSED c",
  "KEY_PRESSED h",
  "KEY_PRESSED á",
  "ANSWER_SUBMITTED voice",
  "ANSWER_CHECKED [object Object]",
  "KEY_PRESSED",
  "EXERCISE_NEXT",
  "APP_FINISHED",
]
`;

exports[`Exercises Integration Snapshots NounTranslation 2`] = `
"IMAGE                                                                     
IMAGE                                                                     
IMAGE                                                                     
IMAGE                                                                     
IMAGE                                                                     
IMAGE                                                                     
                                                                      
                                                                      
                                                                      
                                                                      
 Portuguese: o chá                                                    
 English: tea                                                         
 Correct! [voice]                                                     
                                                                      
                                                                      
 Press key to continue...                                             
 r - repeat the answer                                                
                                                                      
                                                                      
Last Month Results:                                                   
                                                                      
Last Time Attempted: 2022-7-19 12:36 [in 0 seconds]                   
                                                                      
IMAGE                                                                     
IMAGE                                                                     
IMAGE                                                                     
IMAGE                                                                     
                                                                      
                                                                      
                                                                      
                                                                      
                                                                      
                                                                      
                                                                      
                                                                      
                                                                      
                                                                      
                                                                      
                                                                      
                                                                      
                                                                      
                                                                      
                                                                      
                                                                      
                                                                      
                                                                      
                                                                      
                                                                      
                                                                      
                                                                      
                                                                      
                                                                      
                                                                      
                                                                      
                                                                      
                                                                      
                                                                      
                                                                      
                                                                      
                                                                      "
`;

exports[`Exercises Integration Snapshots NounTranslation 3`] = `
"IMAGE                                                                     
IMAGE                                                                     
IMAGE                                                                     
IMAGE                                                                     
IMAGE                                                                     
IMAGE                                                                     
                                                                      
                                                                      
                                                                      
                                                                      
 English: teao chá                                                    
 Portuguese: o chá                                                    
 Correct! [voice]                                                     
                                                                      
                                                                      
 Press key to continue...                                             
 r - repeat the answer                                                
                                                                      
                                                                      
Last Month Results:                                                   
                                                                      
Last Time Attempted: 2022-7-19 12:36 [in 0 seconds]                   
                                                                      
IMAGE                                                                     
IMAGE                                                                     
IMAGE                                                                     
IMAGE                                                                     
                                                                      
                                                                      
                                                                      
                                                                      
                                                                      
                                                                      
                                                                      
                                                                      
                                                                      
                                                                      
                                                                      
                                                                      
                                                                      
                                                                      
                                                                      
                                                                      
                                                                      
                                                                      
                                                                      
                                                                      
                                                                      
                                                                      
                                                                      
                                                                      
                                                                      
                                                                      
                                                                      
                                                                      
                                                                      
                                                                      
                                                                      
                                                                      
                                                                      "
`;

exports[`Exercises Integration Snapshots SentenceTranslation 1`] = `
Array [
  "APP_STARTED",
  "TERMINAL_CLEARED preExerciseClear",
  "EXERCISE_STARTED",
  "TERMINAL_CLEARED preExerciseClear",
  "EXERCISE_DESCRIPTION_PRINTED Portuguese: Boa ideia",
  "EXERCISE_BODY_PRINTED [object Object]",
  "KEY_PRESSED G",
  "KEY_PRESSED o",
  "KEY_PRESSED o",
  "KEY_PRESSED d",
  "KEY_PRESSED",
  "KEY_PRESSED i",
  "KEY_PRESSED d",
  "KEY_PRESSED e",
  "KEY_PRESSED a",
  "ANSWER_SUBMITTED voice",
  "ANSWER_CHECKED [object Object]",
  "KEY_PRESSED",
  "EXERCISE_NEXT",
  "EXERCISE_STARTED",
  "TERMINAL_CLEARED preExerciseClear",
  "EXERCISE_DESCRIPTION_PRINTED English: Good idea",
  "EXERCISE_BODY_PRINTED [object Object]",
  "KEY_PRESSED B",
  "KEY_PRESSED o",
  "KEY_PRESSED a",
  "KEY_PRESSED",
  "KEY_PRESSED i",
  "KEY_PRESSED d",
  "KEY_PRESSED e",
  "KEY_PRESSED i",
  "KEY_PRESSED a",
  "ANSWER_SUBMITTED voice",
  "ANSWER_CHECKED [object Object]",
  "KEY_PRESSED",
  "EXERCISE_NEXT",
  "APP_FINISHED",
]
`;

exports[`Exercises Integration Snapshots SentenceTranslation 2`] = `
"IMAGE                                                                     
IMAGE                                                                     
IMAGE                                                                     
IMAGE                                                                     
IMAGE                                                                     
IMAGE                                                                     
                                                                      
                                                                      
                                                                      
                                                                      
 English: teao chá                                                    
 Portuguese: o chá                                                    
 Correct! [voice]                                                     
                                                                      
                                                                      
 Press key to continue...                                             
 r - repeat the answer                                                
                                                                      
                                                                      
Last Month Results:                                                   
                                                                      
Last Time Attempted: 2022-7-19 12:36 [in 0 seconds]                   
                                                                      
IMAGE                                                                     
IMAGE                                                                     
IMAGE                                                                     
IMAGE                                                                     
                                                                      
                                                                      
                                                                      
                                                                      
                                                                      
                                                                      
                                                                      
                                                                      
                                                                      
                                                                      
                                                                      
                                                                      
                                                                      
                                                                      
                                                                      
                                                                      
                                                                      
                                                                      
                                                                      
                                                                      
                                                                      
                                                                      
                                                                      
                                                                      
                                                                      
                                                                      
                                                                      
                                                                      
                                                                      
                                                                      
                                                                      
                                                                      
                                                                      "
`;

exports[`Exercises Integration Snapshots SentenceTranslation 3`] = `
"IMAGE                                                                     
IMAGE                                                                     
IMAGE                                                                     
IMAGE                                                                     
IMAGE                                                                     
IMAGE                                                                     
                                                                      
                                                                      
                                                                      
                                                                      
 English: teao chá                                                    
 Portuguese: o chá                                                    
 Correct! [voice]                                                     
                                                                      
                                                                      
 Press key to continue...                                             
 r - repeat the answer                                                
                                                                      
                                                                      
Last Month Results:                                                   
                                                                      
Last Time Attempted: 2022-7-19 12:36 [in 0 seconds]                   
                                                                      
IMAGE                                                                     
IMAGE                                                                     
IMAGE                                                                     
IMAGE                                                                     
                                                                      
                                                                      
                                                                      
                                                                      
                                                                      
                                                                      
                                                                      
                                                                      
                                                                      
                                                                      
                                                                      
                                                                      
                                                                      
                                                                      
                                                                      
                                                                      
                                                                      
                                                                      
                                                                      
                                                                      
                                                                      
                                                                      
                                                                      
                                                                      
                                                                      
                                                                      
                                                                      
                                                                      
                                                                      
                                                                      
                                                                      
                                                                      
                                                                      "
`;

exports[`Exercises Integration Snapshots VerbExercise 1`] = `
Array [
  "APP_STARTED",
  "TERMINAL_CLEARED preExerciseClear",
  "EXERCISE_STARTED",
  "TERMINAL_CLEARED preExerciseClear",
  "EXERCISE_DESCRIPTION_PRINTED Infinitive: to see",
  "EXERCISE_BODY_PRINTED [object Object]",
  "KEY_PRESSED v",
  "KEY_PRESSED i",
  "KEY_PRESSED s",
  "KEY_PRESSED t",
  "KEY_PRESSED e",
  "ANSWER_SUBMITTED voice",
  "ANSWER_CHECKED [object Object]",
  "KEY_PRESSED",
  "EXERCISE_NEXT",
  "EXERCISE_STARTED",
  "TERMINAL_CLEARED preExerciseClear",
  "EXERCISE_DESCRIPTION_PRINTED Infinitive: to see",
  "EXERCISE_BODY_PRINTED [object Object]",
  "KEY_PRESSED v",
  "KEY_PRESSED ê",
  "KEY_PRESSED s",
  "ANSWER_SUBMITTED voice",
  "ANSWER_CHECKED [object Object]",
  "KEY_PRESSED",
  "EXERCISE_NEXT",
  "APP_FINISHED",
]
`;

exports[`Exercises Integration Snapshots VerbExercise 2`] = `
"IMAGE                                                                     
IMAGE                                                                     
IMAGE                                                                     
IMAGE                                                                     
IMAGE                                                                     
IMAGE                                                                     
                                                                      
                                                                      
                                                                      
                                                                      
 English: teao chá                                                    
 Portuguese: o chá                                                    
 Correct! [voice]                                                     
                                                                      
                                                                      
 Press key to continue...                                             
 r - repeat the answer                                                
                                                                      
                                                                      
Last Month Results:                                                   
                                                                      
Last Time Attempted: 2022-7-19 12:36 [in 0 seconds]                   
                                                                      
IMAGE                                                                     
IMAGE                                                                     
IMAGE                                                                     
IMAGE                                                                     
                                                                      
                                                                      
                                                                      
                                                                      
                                                                      
                                                                      
                                                                      
                                                                      
                                                                      
                                                                      
                                                                      
                                                                      
                                                                      
                                                                      
                                                                      
                                                                      
                                                                      
                                                                      
                                                                      
                                                                      
                                                                      
                                                                      
                                                                      
                                                                      
                                                                      
                                                                      
                                                                      
                                                                      
                                                                      
                                                                      
                                                                      
                                                                      
                                                                      "
`;

exports[`Exercises Integration Snapshots VerbExercise 3`] = `
"IMAGE                                                                     
IMAGE                                                                     
IMAGE                                                                     
IMAGE                                                                     
IMAGE                                                                     
IMAGE                                                                     
                                                                      
                                                                      
                                                                      
                                                                      
 English: teao chá                                                    
 Portuguese: o chá                                                    
 Correct! [voice]                                                     
                                                                      
                                                                      
 Press key to continue...                                             
 r - repeat the answer                                                
                                                                      
                                                                      
Last Month Results:                                                   
                                                                      
Last Time Attempted: 2022-7-19 12:36 [in 0 seconds]                   
                                                                      
IMAGE                                                                     
IMAGE                                                                     
IMAGE                                                                     
IMAGE                                                                     
                                                                      
                                                                      
                                                                      
                                                                      
                                                                      
                                                                      
                                                                      
                                                                      
                                                                      
                                                                      
                                                                      
                                                                      
                                                                      
                                                                      
                                                                      
                                                                      
                                                                      
                                                                      
                                                                      
                                                                      
                                                                      
                                                                      
                                                                      
                                                                      
                                                                      
                                                                      
                                                                      
                                                                      
                                                                      
                                                                      
                                                                      
                                                                      
                                                                      "
`;
